// Jest Snapshot v1, https://goo.gl/fbAQLP

exports[`headingTheme should be defined 1`] = `
Object {
  "colors": Object {
    "danger": "#f44336",
    "neutral1000": "#161616",
    "neutral600": "#868e96",
    "neutral800": "#343a40",
    "primary": "#2196f3",
    "success": "#4caf50",
    "warning": "#ffeb3b",
  },
  "common": Object {
    "fontFamily": "Lato, Arial, Helvetica, sans-serif",
    "fontWeight": 700,
  },
  "sizings": Object {
    "h1": Object {
      "fontSize": "3rem",
    },
    "h2": Object {
      "fontSize": "2.5rem",
    },
    "h3": Object {
      "fontSize": "2rem",
    },
    "h4": Object {
      "fontSize": "1.5rem",
    },
    "h5": Object {
      "fontSize": "1.25rem",
    },
    "h6": Object {
      "fontSize": "1rem",
    },
  },
}
`;
