// Jest Snapshot v1, https://goo.gl/fbAQLP

exports[`<StyledHeading /> should render correctly with children 1`] = `
<h1
  class="StyledHeading-fbinjh-0 grNDLl"
  color="primary"
>
  children
</h1>
`;
