// Jest Snapshot v1, https://goo.gl/fbAQLP

exports[`<StyledText /> should render correctly with children 1`] = `
<span
  class="StyledText-c4xq8q-0 isVWpO"
  color="primary"
>
  children
</span>
`;
