// Jest Snapshot v1, https://goo.gl/fbAQLP

exports[`<InlineInput /> should render <input> tag 1`] = `
<input
  class="StyledInlineInput-sc-5g60q6-0 FeVVK"
/>
`;

exports[`<InlineInput /> should render correctly 1`] = `
<input
  class="StyledInlineInput-sc-5g60q6-0 FeVVK"
/>
`;
