// Jest Snapshot v1, https://goo.gl/fbAQLP

exports[`buttonTheme should be defined 1`] = `
Object {
  "btnTypes": Object {
    "danger": Object {
      "active": Object {
        "backgroundColor": "#bc3409",
      },
      "hover": Object {
        "backgroundColor": "#d53b0a",
      },
      "normal": Object {
        "backgroundColor": "#F4511E",
        "color": "#fff",
      },
    },
    "default": Object {
      "active": Object {
        "backgroundColor": "#60686f",
      },
      "hover": Object {
        "backgroundColor": "#6c757d",
      },
      "normal": Object {
        "backgroundColor": "#868e96",
        "color": "#fff",
      },
    },
    "primary": Object {
      "active": Object {
        "backgroundColor": "#1360a4",
      },
      "hover": Object {
        "backgroundColor": "#166dba",
      },
      "normal": Object {
        "backgroundColor": "#1E88E5",
        "color": "#fff",
      },
    },
  },
  "common": Object {
    "fontFamily": "Lato, Arial, Helvetica, sans-serif",
    "fontWeight": "700",
  },
  "sizings": Object {
    "l": Object {
      "fontSize": "1.375rem",
      "lineHeight": "3.375rem",
      "padding": "0 2.5rem",
    },
    "m": Object {
      "fontSize": "1rem",
      "lineHeight": "2.375rem",
      "padding": "0 1.875rem",
    },
    "s": Object {
      "fontSize": ".875rem",
      "lineHeight": "1.75rem",
      "padding": "0 1rem",
    },
  },
}
`;
