// Jest Snapshot v1, https://goo.gl/fbAQLP

exports[`<ToggleSlider /> should render <span> tag with type checkbox 1`] = `
<span
  class="ToggleSlider-sc-1lsczbh-0 bOTuaD"
/>
`;

exports[`<ToggleSlider /> should render correctly 1`] = `
<span
  class="ToggleSlider-sc-1lsczbh-0 bOTuaD"
/>
`;
