// Jest Snapshot v1, https://goo.gl/fbAQLP

exports[`<Heading /> should render correctly with custom props 1`] = `
<h3
  class="StyledHeading-sc-1nfjshk-0 cAwPBB"
  color="primary"
>
  children
</h3>
`;

exports[`<Heading /> should render correctly with default props 1`] = `
<h1
  class="StyledHeading-sc-1nfjshk-0 BvWng"
  color="neutral"
>
  children
</h1>
`;
