// Jest Snapshot v1, https://goo.gl/fbAQLP

exports[`<StyledHeading /> should render correctly with children 1`] = `
<h1
  class="StyledHeading-sc-1nfjshk-0 fSsTlO"
  color="primary"
>
  children
</h1>
`;
