// Jest Snapshot v1, https://goo.gl/fbAQLP

exports[`<StyledCheckbox /> should render correctly 1`] = `
<input
  class="StyledCheckbox-sc-1u8r4za-0 bKzfFr"
  type="checkbox"
/>
`;
