// Jest Snapshot v1, https://goo.gl/fbAQLP

exports[`typography theme should be defined 1`] = `
Object {
  "baseFontSize": 16,
  "baseLineHeight": 1.5,
}
`;
