// Jest Snapshot v1, https://goo.gl/fbAQLP

exports[`<StyledLink /> should render <a> tag 1`] = `
<a
  class="StyledLink-sc-1s1vukk-0 gtwYFX"
>
  children
</a>
`;

exports[`<StyledLink /> should render correctly with children 1`] = `
<a
  class="StyledLink-sc-1s1vukk-0 gtwYFX"
>
  children
</a>
`;
