// Jest Snapshot v1, https://goo.gl/fbAQLP

exports[`<Input /> should render correctly 1`] = `
<input
  class="StyledInput-ok3pz6-0 fcdVAZ"
/>
`;
